// Jest Snapshot v1, https://goo.gl/fbAQLP

exports[`Search: data reducers Should give a lot of points 1`] = `
Object {
  "awayDefense": 1176,
  "awayDefense2": 1183,
  "awayStriker": 1176,
  "awayStriker2": 1183,
  "difference": 24,
  "difference2": 17,
  "hasCappotto": true,
  "hasHomeWin": true,
  "homeDefense": 1224,
  "homeDefense2": 1217,
  "homeStriker": 1224,
  "homeStriker2": 1217,
}
`;
